[2026-09-07 19:31:16] 监视器启动：只读观察，不发送任何游戏输入。
[2026-09-07 19:31:17] 2026-09-07 19:31:16.303 phase=Shopping scene=94 % layout=0 % gold=unknown tier=unknown cards=0/24 status=blocked
[2026-09-07 19:31:19] 2026-09-07 19:31:18.125 phase=Shopping scene=91 % layout=0 % gold=unknown tier=unknown cards=0/24 status=blocked
[2026-09-07 19:31:20] 2026-09-07 19:31:19.545 phase=Shopping scene=88 % layout=0 % gold=unknown tier=unknown cards=0/24 status=blocked
[2026-09-07 19:31:22] 2026-09-07 19:31:21.080 phase=Shopping scene=91 % layout=0 % gold=unknown tier=unknown cards=0/24 status=blocked
[2026-09-07 19:31:23] 2026-09-07 19:31:22.546 phase=Shopping scene=91 % layout=0 % gold=unknown tier=unknown cards=0/24 status=blocked
[2026-09-07 19:31:24] 2026-09-07 19:31:24.028 phase=Unknown scene=0 % layout=0 % gold=unknown tier=unknown cards=0/0 status=blocked
[2026-09-07 19:31:24] 2026-09-07 19:31:24.729 phase=Unknown scene=0 % layout=0 % gold=unknown tier=unknown cards=0/0 status=blocked
[2026-09-07 19:31:25] 2026-09-07 19:31:25.409 phase=Unknown scene=0 % layout=0 % gold=unknown tier=unknown cards=0/0 status=blocked
[2026-09-07 19:31:26] 炉石未在前台，跳过本次捕获
[2026-09-07 19:31:36] 2026-09-07 19:31:36.240 phase=Unknown scene=0 % layout=0 % gold=unknown tier=unknown cards=0/0 status=blocked
[2026-09-07 19:31:37] 2026-09-07 19:31:36.922 phase=Unknown scene=0 % layout=0 % gold=unknown tier=unknown cards=0/0 status=blocked
[2026-09-07 19:31:37] 2026-09-07 19:31:37.620 phase=Unknown scene=0 % layout=0 % gold=unknown tier=unknown cards=0/0 status=blocked
[2026-09-07 19:31:38] 2026-09-07 19:31:38.317 phase=Unknown scene=0 % layout=0 % gold=unknown tier=unknown cards=0/0 status=blocked
[2026-09-07 19:31:39] 2026-09-07 19:31:39.006 phase=Unknown scene=0 % layout=0 % gold=unknown tier=unknown cards=0/0 status=blocked
[2026-09-07 19:31:39] 2026-09-07 19:31:39.757 phase=Unknown scene=0 % layout=0 % gold=unknown tier=unknown cards=0/0 status=blocked
[2026-09-07 19:31:40] 2026-09-07 19:31:40.452 phase=Unknown scene=0 % layout=0 % gold=unknown tier=unknown cards=0/0 status=blocked
[2026-09-07 19:31:41] 2026-09-07 19:31:41.127 phase=Shopping scene=84 % layout=0 % gold=unknown tier=unknown cards=0/24 status=blocked
[2026-09-07 19:31:43] 2026-09-07 19:31:42.306 phase=Shopping scene=94 % layout=0 % gold=unknown tier=unknown cards=0/24 status=blocked
[2026-09-07 19:31:44] 2026-09-07 19:31:43.788 phase=Shopping scene=88 % layout=0 % gold=unknown tier=unknown cards=0/24 status=blocked
[2026-09-07 19:31:46] 2026-09-07 19:31:45.104 phase=Shopping scene=88 % layout=0 % gold=unknown tier=unknown cards=0/24 status=blocked
[2026-09-07 19:31:47] 2026-09-07 19:31:46.624 phase=Shopping scene=75 % layout=0 % gold=unknown tier=unknown cards=0/24 status=blocked
[2026-09-07 19:31:49] 2026-09-07 19:31:48.403 phase=Shopping scene=84 % layout=0 % gold=unknown tier=unknown cards=0/24 status=blocked
[2026-09-07 19:31:49] 炉石未在前台，跳过本次捕获
[2026-09-07 19:32:41] 2026-09-07 19:32:39.866 phase=Shopping scene=91 % layout=0 % gold=unknown tier=unknown cards=0/24 status=blocked
[2026-09-07 19:32:43] 2026-09-07 19:32:41.795 phase=Shopping scene=78 % layout=0 % gold=unknown tier=unknown cards=0/24 status=blocked
[2026-09-07 19:32:43] 2026-09-07 19:32:43.596 phase=Unknown scene=0 % layout=0 % gold=unknown tier=unknown cards=0/0 status=blocked
[2026-09-07 19:32:44] 2026-09-07 19:32:44.247 phase=Unknown scene=0 % layout=0 % gold=unknown tier=unknown cards=0/0 status=blocked
[2026-09-07 19:32:45] 2026-09-07 19:32:44.916 phase=Unknown scene=0 % layout=0 % gold=unknown tier=unknown cards=0/0 status=blocked
[2026-09-07 19:32:45] 2026-09-07 19:32:45.598 phase=Unknown scene=0 % layout=0 % gold=unknown tier=unknown cards=0/0 status=blocked
[2026-09-07 19:32:48] 2026-09-07 19:32:46.275 phase=Shopping scene=88 % layout=0 % gold=unknown tier=unknown cards=0/24 status=blocked
[2026-09-07 19:32:49] 2026-09-07 19:32:48.615 phase=Shopping scene=81 % layout=0 % gold=unknown tier=unknown cards=0/24 status=blocked
[2026-09-07 19:32:52] 2026-09-07 19:32:50.417 phase=Shopping scene=81 % layout=0 % gold=unknown tier=unknown cards=0/24 status=blocked
[2026-09-07 19:32:54] 2026-09-07 19:32:52.597 phase=Shopping scene=81 % layout=0 % gold=unknown tier=unknown cards=0/24 status=blocked
[2026-09-07 19:32:56] 2026-09-07 19:32:54.736 phase=Shopping scene=81 % layout=0 % gold=unknown tier=unknown cards=0/24 status=blocked
[2026-09-07 19:32:56] 炉石未在前台，跳过本次捕获
[2026-09-07 19:33:49] 监视器启动：只读观察，不发送任何游戏输入。
[2026-09-07 19:33:49] 炉石未在前台，跳过本次捕获
[2026-09-07 19:34:04] 2026-09-07 19:34:03.961 phase=Unknown scene=0 % layout=0 % gold=unknown tier=unknown cards=0/0 status=blocked
[2026-09-07 19:34:07] 2026-09-07 19:34:05.455 phase=Shopping scene=81 % layout=0 % gold=unknown tier=unknown cards=0/24 status=blocked
[2026-09-07 19:34:16] 2026-09-07 19:34:15.843 phase=Unknown scene=0 % layout=0 % gold=unknown tier=unknown cards=0/0 status=blocked
[2026-09-07 19:34:21] 2026-09-07 19:34:19.343 phase=Shopping scene=88 % layout=0 % gold=unknown tier=unknown cards=0/24 status=blocked
[2026-09-07 19:34:25] 2026-09-07 19:34:23.894 phase=Unknown scene=72 % layout=0 % gold=unknown tier=unknown cards=0/24 status=blocked
[2026-09-07 19:34:28] 2026-09-07 19:34:26.148 phase=Shopping scene=81 % layout=0 % gold=unknown tier=unknown cards=0/24 status=blocked
[2026-09-07 19:34:37] 炉石未在前台，跳过本次捕获
[2026-09-07 19:35:01] 2026-09-07 19:35:00.802 phase=Unknown scene=0 % layout=0 % gold=unknown tier=unknown cards=0/0 status=blocked
[2026-09-07 19:35:14] 2026-09-07 19:35:12.499 phase=Shopping scene=81 % layout=0 % gold=unknown tier=unknown cards=0/24 status=blocked
[2026-09-07 19:35:23] 2026-09-07 19:35:22.806 phase=Unknown scene=0 % layout=0 % gold=unknown tier=unknown cards=0/0 status=blocked
[2026-09-07 19:35:28] 2026-09-07 19:35:26.263 phase=Shopping scene=88 % layout=0 % gold=unknown tier=unknown cards=0/24 status=blocked
[2026-09-07 19:37:03] 监视器启动：只读观察，不发送任何游戏输入。
[2026-09-07 19:37:05] 2026-09-07 19:37:03.764 phase=Shopping scene=88 % layout=0 % gold=unknown tier=unknown cards=0/24 status=blocked
[2026-09-07 19:37:14] 2026-09-07 19:37:14.071 phase=Unknown scene=0 % layout=0 % gold=unknown tier=unknown cards=0/0 status=blocked
[2026-09-07 19:37:27] 2026-09-07 19:37:25.489 phase=Shopping scene=84 % layout=0 % gold=unknown tier=unknown cards=0/24 status=blocked
[2026-09-07 19:37:38] 炉石未在前台，跳过本次捕获
[2026-09-07 19:38:37] 2026-09-07 19:38:37.194 phase=Unknown scene=0 % layout=0 % gold=unknown tier=unknown cards=0/0 status=blocked
[2026-09-07 19:38:49] 炉石未在前台，跳过本次捕获
[2026-09-07 19:39:02] 2026-09-07 19:39:00.058 phase=Shopping scene=88 % layout=0 % gold=unknown tier=unknown cards=0/24 status=blocked
[2026-09-07 19:39:10] 2026-09-07 19:39:09.978 phase=Unknown scene=0 % layout=0 % gold=unknown tier=unknown cards=0/0 status=blocked
[2026-09-07 19:39:19] 2026-09-07 19:39:16.902 phase=Shopping scene=75 % layout=0 % gold=unknown tier=unknown cards=0/24 status=blocked
[2026-09-07 19:39:26] 2026-09-07 19:39:23.327 phase=Unknown scene=69 % layout=0 % gold=unknown tier=unknown cards=0/24 status=blocked
[2026-09-07 19:39:29] 2026-09-07 19:39:26.713 phase=Shopping scene=72 % layout=0 % gold=unknown tier=unknown cards=0/24 status=blocked
[2026-09-07 19:39:42] 炉石未在前台，跳过本次捕获
[2026-09-07 19:40:55] 2026-09-07 19:40:54.937 phase=Unknown scene=0 % layout=0 % gold=unknown tier=unknown cards=0/0 status=blocked
[2026-09-07 19:41:22] 炉石未在前台，跳过本次捕获
[2026-09-07 19:41:34] 2026-09-07 19:41:32.922 phase=Shopping scene=72 % layout=0 % gold=unknown tier=unknown cards=0/24 status=blocked
[2026-09-07 19:41:35] 2026-09-07 19:41:35.142 phase=Unknown scene=0 % layout=0 % gold=unknown tier=unknown cards=0/0 status=blocked
[2026-09-07 19:42:01] 炉石未在前台，跳过本次捕获
[2026-09-07 19:44:13] 2026-09-07 19:44:11.307 phase=Shopping scene=78 % layout=0 % gold=unknown tier=unknown cards=0/24 status=blocked
[2026-09-07 19:44:32] 2026-09-07 19:44:31.974 phase=Unknown scene=0 % layout=0 % gold=unknown tier=unknown cards=0/0 status=blocked
[2026-09-07 19:44:54] 炉石未在前台，跳过本次捕获
[2026-09-07 19:47:01] 等待炉石窗口
[2026-09-07 19:47:20] 炉石未在前台，跳过本次捕获
[2026-09-07 19:49:34] 2026-09-07 19:49:33.935 phase=Shopping scene=75 % layout=0 % gold=unknown tier=unknown cards=0/24 status=blocked
[2026-09-07 19:49:41] 2026-09-07 19:49:40.787 phase=Unknown scene=69 % layout=0 % gold=unknown tier=unknown cards=0/24 status=blocked
[2026-09-07 19:49:42] 2026-09-07 19:49:41.924 phase=Shopping scene=72 % layout=0 % gold=unknown tier=unknown cards=0/24 status=blocked
[2026-09-07 19:49:45] 2026-09-07 19:49:45.173 phase=Unknown scene=69 % layout=0 % gold=unknown tier=unknown cards=0/24 status=blocked
[2026-09-07 19:49:47] 2026-09-07 19:49:46.342 phase=Shopping scene=75 % layout=0 % gold=unknown tier=unknown cards=0/24 status=blocked
[2026-09-07 19:49:47] 2026-09-07 19:49:47.765 phase=Unknown scene=0 % layout=0 % gold=unknown tier=unknown cards=0/0 status=blocked
[2026-09-07 19:49:53] 2026-09-07 19:49:53.495 phase=Shopping scene=72 % layout=0 % gold=unknown tier=unknown cards=0/24 status=blocked
[2026-09-07 19:49:54] 2026-09-07 19:49:54.446 phase=Unknown scene=0 % layout=0 % gold=unknown tier=unknown cards=0/0 status=blocked
[2026-09-07 19:49:58] 2026-09-07 19:49:57.832 phase=Shopping scene=81 % layout=0 % gold=unknown tier=unknown cards=0/24 status=blocked
[2026-09-07 19:50:14] 2026-09-07 19:50:13.476 phase=Unknown scene=69 % layout=0 % gold=unknown tier=unknown cards=0/24 status=blocked
[2026-09-07 19:50:16] 2026-09-07 19:50:15.437 phase=Shopping scene=81 % layout=0 % gold=unknown tier=unknown cards=0/24 status=blocked
[2026-09-07 19:50:18] 炉石未在前台，跳过本次捕获
[2026-09-07 19:50:44] 2026-09-07 19:50:44.400 phase=Unknown scene=0 % layout=0 % gold=unknown tier=unknown cards=0/0 status=blocked
[2026-09-07 19:50:58] 2026-09-07 19:50:57.872 phase=Shopping scene=78 % layout=0 % gold=unknown tier=unknown cards=0/24 status=blocked
[2026-09-07 19:51:02] 2026-09-07 19:51:02.791 phase=Unknown scene=0 % layout=0 % gold=unknown tier=unknown cards=0/0 status=blocked
[2026-09-07 19:51:07] 2026-09-07 19:51:05.526 phase=Shopping scene=91 % layout=0 % gold=unknown tier=unknown cards=0/24 status=blocked
[2026-09-07 19:51:22] 炉石未在前台，跳过本次捕获
[2026-09-07 19:51:25] 2026-09-07 19:51:25.370 phase=Unknown scene=0 % layout=0 % gold=unknown tier=unknown cards=0/0 status=blocked
[2026-09-07 19:51:27] 2026-09-07 19:51:26.140 phase=Shopping scene=78 % layout=0 % gold=unknown tier=unknown cards=0/24 status=blocked
[2026-09-07 19:51:28] 炉石未在前台，跳过本次捕获
[2026-09-07 19:51:33] 2026-09-07 19:51:33.257 phase=Unknown scene=0 % layout=0 % gold=unknown tier=unknown cards=0/0 status=blocked
[2026-09-07 19:51:44] 2026-09-07 19:51:43.292 phase=Shopping scene=78 % layout=0 % gold=unknown tier=unknown cards=0/24 status=blocked
[2026-09-07 19:51:48] 2026-09-07 19:51:46.762 phase=Unknown scene=69 % layout=0 % gold=unknown tier=unknown cards=0/24 status=blocked
[2026-09-07 19:51:50] 2026-09-07 19:51:48.943 phase=Shopping scene=84 % layout=0 % gold=unknown tier=unknown cards=0/24 status=blocked
[2026-09-07 19:52:32] 2026-09-07 19:52:32.280 phase=Unknown scene=0 % layout=0 % gold=unknown tier=unknown cards=0/0 status=blocked
[2026-09-07 19:53:00] 2026-09-07 19:52:58.529 phase=Shopping scene=78 % layout=0 % gold=unknown tier=unknown cards=0/24 status=blocked
[2026-09-07 19:53:02] 2026-09-07 19:53:02.713 phase=Unknown scene=0 % layout=0 % gold=unknown tier=unknown cards=0/0 status=blocked
[2026-09-07 19:53:06] 2026-09-07 19:53:04.743 phase=Shopping scene=84 % layout=0 % gold=unknown tier=unknown cards=0/24 status=blocked
[2026-09-07 19:53:09] 炉石未在前台，跳过本次捕获
[2026-09-07 19:53:55] 2026-09-07 19:53:54.987 phase=Unknown scene=0 % layout=0 % gold=unknown tier=unknown cards=0/0 status=blocked
[2026-09-07 19:54:22] 2026-09-07 19:54:21.596 phase=Shopping scene=78 % layout=0 % gold=unknown tier=unknown cards=0/24 status=blocked
[2026-09-07 19:54:37] 2026-09-07 19:54:37.037 phase=Unknown scene=0 % layout=0 % gold=unknown tier=unknown cards=0/0 status=blocked
[2026-09-07 19:54:40] 2026-09-07 19:54:38.471 phase=Shopping scene=91 % layout=0 % gold=unknown tier=unknown cards=0/24 status=blocked
[2026-09-07 19:55:37] 2026-09-07 19:55:37.482 phase=Unknown scene=0 % layout=0 % gold=unknown tier=unknown cards=0/0 status=blocked
[2026-09-07 19:55:51] 2026-09-07 19:55:50.202 phase=Shopping scene=75 % layout=0 % gold=unknown tier=unknown cards=0/24 status=blocked
[2026-09-07 19:55:52] 2026-09-07 19:55:52.104 phase=Unknown scene=0 % layout=0 % gold=unknown tier=unknown cards=0/0 status=blocked
[2026-09-07 19:55:57] 2026-09-07 19:55:55.487 phase=Shopping scene=78 % layout=0 % gold=unknown tier=unknown cards=0/24 status=blocked
[2026-09-07 19:56:02] 2026-09-07 19:56:00.459 phase=Unknown scene=69 % layout=0 % gold=unknown tier=unknown cards=0/24 status=blocked
[2026-09-07 19:56:04] 2026-09-07 19:56:03.191 phase=Shopping scene=78 % layout=0 % gold=unknown tier=unknown cards=0/24 status=blocked
[2026-09-07 19:56:14] 2026-09-07 19:56:14.447 phase=Unknown scene=0 % layout=0 % gold=unknown tier=unknown cards=0/0 status=blocked
[2026-09-07 19:56:22] 炉石未在前台，跳过本次捕获
[2026-09-07 19:56:35] 2026-09-07 19:56:33.877 phase=Shopping scene=75 % layout=0 % gold=unknown tier=unknown cards=0/24 status=blocked
[2026-09-07 19:56:42] 2026-09-07 19:56:40.976 phase=Unknown scene=69 % layout=0 % gold=unknown tier=unknown cards=0/24 status=blocked
[2026-09-07 19:56:45] 2026-09-07 19:56:43.392 phase=Shopping scene=72 % layout=0 % gold=unknown tier=unknown cards=0/24 status=blocked
[2026-09-07 19:57:03] 2026-09-07 19:57:02.140 phase=Unknown scene=69 % layout=0 % gold=unknown tier=unknown cards=0/24 status=blocked
[2026-09-07 19:57:06] 2026-09-07 19:57:04.520 phase=Shopping scene=72 % layout=0 % gold=unknown tier=unknown cards=0/24 status=blocked
[2026-09-07 19:57:11] 2026-09-07 19:57:09.773 phase=Unknown scene=69 % layout=0 % gold=unknown tier=unknown cards=0/24 status=blocked
[2026-09-07 19:57:14] 2026-09-07 19:57:12.338 phase=Shopping scene=72 % layout=0 % gold=unknown tier=unknown cards=0/24 status=blocked
[2026-09-07 19:57:16] 2026-09-07 19:57:14.908 phase=Unknown scene=69 % layout=0 % gold=unknown tier=unknown cards=0/24 status=blocked
[2026-09-07 19:57:22] 2026-09-07 19:57:20.024 phase=Shopping scene=75 % layout=0 % gold=unknown tier=unknown cards=0/24 status=blocked
[2026-09-07 19:57:29] 2026-09-07 19:57:27.499 phase=Unknown scene=69 % layout=0 % gold=unknown tier=unknown cards=0/24 status=blocked
[2026-09-07 19:57:32] 炉石未在前台，跳过本次捕获
[2026-09-07 19:57:36] 2026-09-07 19:57:34.188 phase=Shopping scene=72 % layout=0 % gold=unknown tier=unknown cards=0/24 status=blocked
[2026-09-07 19:57:45] 2026-09-07 19:57:44.872 phase=Unknown scene=0 % layout=0 % gold=unknown tier=unknown cards=0/0 status=blocked
[2026-09-07 19:58:30] 2026-09-07 19:58:28.022 phase=Shopping scene=75 % layout=0 % gold=unknown tier=unknown cards=0/24 status=blocked
[2026-09-07 19:58:33] 2026-09-07 19:58:33.209 phase=Unknown scene=0 % layout=0 % gold=unknown tier=unknown cards=0/0 status=blocked
[2026-09-07 19:58:39] 2026-09-07 19:58:36.576 phase=Shopping scene=72 % layout=0 % gold=unknown tier=unknown cards=0/24 status=blocked
[2026-09-07 19:58:46] 2026-09-07 19:58:46.220 phase=Unknown scene=0 % layout=0 % gold=unknown tier=unknown cards=0/0 status=blocked
[2026-09-07 19:59:58] 2026-09-07 19:59:56.769 phase=Shopping scene=78 % layout=0 % gold=unknown tier=unknown cards=0/24 status=blocked
[2026-09-07 19:59:59] 2026-09-07 19:59:59.048 phase=Unknown scene=0 % layout=0 % gold=unknown tier=unknown cards=0/0 status=blocked
[2026-09-07 20:00:41] 2026-09-07 20:00:40.033 phase=Shopping scene=75 % layout=0 % gold=unknown tier=unknown cards=0/24 status=blocked
[2026-09-07 20:00:42] 2026-09-07 20:00:42.220 phase=Unknown scene=0 % layout=0 % gold=unknown tier=unknown cards=0/0 status=blocked
[2026-09-07 20:01:04] 2026-09-07 20:01:02.158 phase=Shopping scene=81 % layout=0 % gold=unknown tier=unknown cards=0/24 status=blocked
[2026-09-07 20:01:13] 2026-09-07 20:01:13.650 phase=Unknown scene=0 % layout=0 % gold=unknown tier=unknown cards=0/0 status=blocked
[2026-09-07 20:01:22] 2026-09-07 20:01:19.667 phase=Shopping scene=78 % layout=0 % gold=unknown tier=unknown cards=0/24 status=blocked
[2026-09-07 20:01:22] 2026-09-07 20:01:22.652 phase=Unknown scene=0 % layout=0 % gold=unknown tier=unknown cards=0/0 status=blocked
[2026-09-07 20:02:36] 2026-09-07 20:02:34.417 phase=Shopping scene=72 % layout=0 % gold=unknown tier=unknown cards=0/24 status=blocked
[2026-09-07 20:02:37] 2026-09-07 20:02:36.837 phase=Unknown scene=0 % layout=0 % gold=unknown tier=unknown cards=0/0 status=blocked
[2026-09-07 20:08:09] 炉石未在前台，跳过本次捕获
[2026-09-07 20:16:21] 等待炉石窗口
[2026-09-07 20:28:35] 监视器启动：只读观察，不发送任何游戏输入。
[2026-09-07 20:28:36] 等待炉石窗口
[2026-09-07 20:32:31] 监视器启动：只读观察，不发送任何游戏输入。
[2026-09-07 20:32:31] 等待炉石窗口
[2026-09-07 20:34:23] 2026-09-07 20:34:23.650 phase=Unknown scene=0 % layout=0 % gold=unknown tier=unknown armor=unknown shop=0 hand=0 board=0 discover=0 cards=0/0 status=blocked
[2026-09-07 20:34:31] 炉石未在前台，跳过本次捕获
[2026-09-07 20:36:42] 2026-09-07 20:36:40.896 phase=Discover scene=75 % layout=0 % gold=unknown tier=unknown armor=unknown shop=7 hand=10 board=7 discover=3 cards=0/27 status=blocked
[2026-09-07 20:36:42] 炉石未在前台，跳过本次捕获
[2026-09-07 20:36:56] 2026-09-07 20:36:53.513 phase=Shopping scene=75 % layout=0 % gold=9 tier=unknown armor=unknown shop=7 hand=10 board=7 discover=3 cards=0/27 status=blocked
[2026-09-07 20:36:58] 炉石未在前台，跳过本次捕获
[2026-09-07 20:37:00] 2026-09-07 20:36:59.331 phase=Discover scene=78 % layout=0 % gold=9 tier=unknown armor=unknown shop=7 hand=10 board=7 discover=3 cards=0/27 status=blocked
[2026-09-07 20:37:01] 炉石未在前台，跳过本次捕获
[2026-09-07 20:37:23] 2026-09-07 20:37:22.831 phase=Unknown scene=0 % layout=0 % gold=unknown tier=unknown armor=unknown shop=0 hand=0 board=0 discover=0 cards=0/0 status=blocked
[2026-09-07 20:37:26] 2026-09-07 20:37:25.864 phase=Shopping scene=81 % layout=0 % gold=4 tier=unknown armor=unknown shop=7 hand=10 board=7 discover=3 cards=0/27 status=blocked
[2026-09-07 20:37:36] 炉石未在前台，跳过本次捕获
[2026-09-07 20:37:40] 2026-09-07 20:37:39.180 phase=Unknown scene=62 % layout=0 % gold=unknown tier=unknown armor=unknown shop=7 hand=10 board=7 discover=3 cards=0/27 status=blocked
[2026-09-07 20:37:42] 2026-09-07 20:37:41.399 phase=Shopping scene=88 % layout=0 % gold=unknown tier=unknown armor=unknown shop=7 hand=10 board=7 discover=3 cards=0/27 status=blocked
[2026-09-07 20:37:45] 炉石未在前台，跳过本次捕获
[2026-09-07 20:38:42] 2026-09-07 20:38:42.438 phase=Unknown scene=0 % layout=0 % gold=unknown tier=unknown armor=unknown shop=0 hand=0 board=0 discover=0 cards=0/0 status=blocked
[2026-09-07 20:38:44] 2026-09-07 20:38:43.153 phase=Shopping scene=75 % layout=0 % gold=unknown tier=unknown armor=unknown shop=7 hand=10 board=7 discover=3 cards=0/27 status=blocked
[2026-09-07 20:38:48] 2026-09-07 20:38:46.901 phase=Discover scene=75 % layout=0 % gold=unknown tier=unknown armor=unknown shop=7 hand=10 board=7 discover=3 cards=0/27 status=blocked
[2026-09-07 20:38:51] 2026-09-07 20:38:49.230 phase=Shopping scene=84 % layout=0 % gold=unknown tier=unknown armor=unknown shop=7 hand=10 board=7 discover=3 cards=0/27 status=blocked
[2026-09-07 20:38:56] 炉石未在前台，跳过本次捕获
[2026-09-07 20:40:57] 2026-09-07 20:40:54.869 phase=Unknown scene=69 % layout=0 % gold=6 tier=1 armor=5 shop=7 hand=10 board=7 discover=3 cards=0/27 status=blocked
[2026-09-07 20:41:00] 2026-09-07 20:40:58.040 phase=Shopping scene=81 % layout=0 % gold=4 tier=1 armor=unknown shop=7 hand=10 board=7 discover=3 cards=0/27 status=blocked
[2026-09-07 20:41:04] 2026-09-07 20:41:01.339 phase=Discover scene=72 % layout=0 % gold=unknown tier=unknown armor=unknown shop=7 hand=10 board=7 discover=3 cards=0/27 status=blocked
[2026-09-07 20:41:07] 2026-09-07 20:41:04.663 phase=Shopping scene=78 % layout=0 % gold=unknown tier=unknown armor=10 shop=7 hand=10 board=7 discover=3 cards=0/27 status=blocked
[2026-09-07 20:41:16] 炉石未在前台，跳过本次捕获
[2026-09-07 20:42:07] 2026-09-07 20:42:06.851 phase=Unknown scene=0 % layout=0 % gold=unknown tier=unknown armor=unknown shop=0 hand=0 board=0 discover=0 cards=0/0 status=blocked
[2026-09-07 20:42:07] 炉石未在前台，跳过本次捕获
[2026-09-07 20:42:32] 2026-09-07 20:42:29.545 phase=Shopping scene=81 % layout=0 % gold=unknown tier=1 armor=unknown shop=7 hand=10 board=7 discover=3 cards=0/27 status=blocked
[2026-09-07 20:42:59] 炉石未在前台，跳过本次捕获
[2026-09-07 20:44:13] 2026-09-07 20:44:13.546 phase=Unknown scene=0 % layout=0 % gold=unknown tier=unknown armor=unknown shop=0 hand=0 board=0 discover=0 cards=0/0 status=blocked
[2026-09-07 20:44:17] 2026-09-07 20:44:14.292 phase=Discover scene=81 % layout=0 % gold=6 tier=unknown armor=unknown shop=7 hand=10 board=7 discover=3 cards=0/27 status=blocked
[2026-09-07 20:44:21] 2026-09-07 20:44:21.029 phase=Unknown scene=0 % layout=0 % gold=unknown tier=unknown armor=unknown shop=0 hand=0 board=0 discover=0 cards=0/0 status=blocked
[2026-09-07 20:44:25] 2026-09-07 20:44:24.413 phase=Discover scene=78 % layout=0 % gold=unknown tier=unknown armor=unknown shop=7 hand=10 board=7 discover=3 cards=0/27 status=blocked
[2026-09-07 20:44:28] 2026-09-07 20:44:25.881 phase=Shopping scene=81 % layout=0 % gold=unknown tier=unknown armor=unknown shop=7 hand=10 board=7 discover=3 cards=0/27 status=blocked
[2026-09-07 20:44:32] 2026-09-07 20:44:29.385 phase=Discover scene=81 % layout=0 % gold=unknown tier=unknown armor=unknown shop=7 hand=10 board=7 discover=3 cards=0/27 status=blocked
[2026-09-07 20:44:36] 2026-09-07 20:44:33.066 phase=Shopping scene=84 % layout=0 % gold=unknown tier=1 armor=unknown shop=7 hand=10 board=7 discover=3 cards=0/27 status=blocked
[2026-09-07 20:44:40] 2026-09-07 20:44:36.822 phase=Discover scene=88 % layout=0 % gold=unknown tier=unknown armor=unknown shop=7 hand=10 board=7 discover=3 cards=0/27 status=blocked
[2026-09-07 20:44:44] 2026-09-07 20:44:41.191 phase=Shopping scene=84 % layout=0 % gold=6 tier=1 armor=5 shop=7 hand=10 board=7 discover=3 cards=0/27 status=blocked
[2026-09-07 20:44:47] 2026-09-07 20:44:44.556 phase=Discover scene=81 % layout=0 % gold=unknown tier=unknown armor=unknown shop=7 hand=10 board=7 discover=3 cards=0/27 status=blocked
[2026-09-07 20:44:51] 2026-09-07 20:44:48.125 phase=Shopping scene=78 % layout=0 % gold=unknown tier=unknown armor=unknown shop=7 hand=10 board=7 discover=3 cards=0/27 status=blocked
[2026-09-07 20:44:58] 2026-09-07 20:44:55.445 phase=Discover scene=78 % layout=0 % gold=unknown tier=unknown armor=unknown shop=7 hand=10 board=7 discover=3 cards=0/27 status=blocked
[2026-09-07 20:45:02] 炉石未在前台，跳过本次捕获
[2026-09-07 20:45:15] 2026-09-07 20:45:15.094 phase=Unknown scene=0 % layout=0 % gold=unknown tier=unknown armor=unknown shop=0 hand=0 board=0 discover=0 cards=0/0 status=blocked
[2026-09-07 20:45:19] 2026-09-07 20:45:15.857 phase=Combat scene=72 % layout=0 % gold=unknown tier=unknown armor=unknown shop=7 hand=10 board=7 discover=3 cards=0/27 status=blocked
[2026-09-07 20:45:19] 炉石未在前台，跳过本次捕获
[2026-09-07 20:45:29] 2026-09-07 20:45:26.224 phase=Discover scene=75 % layout=0 % gold=unknown tier=unknown armor=unknown shop=7 hand=10 board=7 discover=3 cards=0/27 status=blocked
[2026-09-07 20:45:32] 2026-09-07 20:45:29.831 phase=Combat scene=72 % layout=0 % gold=unknown tier=unknown armor=unknown shop=7 hand=10 board=7 discover=3 cards=0/27 status=blocked
[2026-09-07 20:45:36] 2026-09-07 20:45:33.462 phase=Shopping scene=72 % layout=0 % gold=unknown tier=unknown armor=unknown shop=7 hand=10 board=7 discover=3 cards=0/27 status=blocked
[2026-09-07 20:45:40] 2026-09-07 20:45:37.015 phase=Combat scene=72 % layout=0 % gold=unknown tier=unknown armor=unknown shop=7 hand=10 board=7 discover=3 cards=0/27 status=blocked
[2026-09-07 20:45:40] 2026-09-07 20:45:40.797 phase=Unknown scene=0 % layout=0 % gold=unknown tier=unknown armor=unknown shop=0 hand=0 board=0 discover=0 cards=0/0 status=blocked
[2026-09-07 20:45:48] 2026-09-07 20:45:44.966 phase=Discover scene=72 % layout=0 % gold=unknown tier=unknown armor=unknown shop=7 hand=10 board=7 discover=3 cards=0/27 status=blocked
[2026-09-07 20:45:51] 2026-09-07 20:45:48.599 phase=Shopping scene=72 % layout=0 % gold=unknown tier=unknown armor=unknown shop=7 hand=10 board=7 discover=3 cards=0/27 status=blocked
[2026-09-07 20:45:52] 2026-09-07 20:45:52.175 phase=Unknown scene=0 % layout=0 % gold=unknown tier=unknown armor=unknown shop=0 hand=0 board=0 discover=0 cards=0/0 status=blocked
[2026-09-07 20:45:58] 炉石未在前台，跳过本次捕获
[2026-09-07 20:46:06] 2026-09-07 20:46:04.661 phase=Combat scene=72 % layout=0 % gold=0 tier=unknown armor=unknown shop=7 hand=10 board=7 discover=3 cards=0/27 status=blocked
[2026-09-07 20:46:10] 2026-09-07 20:46:07.415 phase=Shopping scene=78 % layout=0 % gold=9 tier=1 armor=unknown shop=7 hand=10 board=7 discover=3 cards=0/27 status=blocked
[2026-09-07 20:46:30] 2026-09-07 20:46:25.990 phase=Discover scene=91 % layout=0 % gold=9 tier=unknown armor=unknown shop=7 hand=10 board=7 discover=3 cards=0/27 status=blocked
[2026-09-07 20:46:33] 2026-09-07 20:46:30.555 phase=Shopping scene=78 % layout=0 % gold=9 tier=1 armor=unknown shop=7 hand=10 board=7 discover=3 cards=0/27 status=blocked
[2026-09-07 20:46:48] 2026-09-07 20:46:48.716 phase=Unknown scene=0 % layout=0 % gold=unknown tier=unknown armor=unknown shop=0 hand=0 board=0 discover=0 cards=0/0 status=blocked
[2026-09-07 20:46:52] 2026-09-07 20:46:49.534 phase=Discover scene=75 % layout=0 % gold=0 tier=unknown armor=unknown shop=7 hand=10 board=7 discover=3 cards=0/27 status=blocked
[2026-09-07 20:46:56] 2026-09-07 20:46:53.336 phase=Shopping scene=75 % layout=0 % gold=0 tier=unknown armor=unknown shop=7 hand=10 board=7 discover=3 cards=0/27 status=blocked
[2026-09-07 20:47:55] 2026-09-07 20:47:54.477 phase=Combat scene=72 % layout=0 % gold=unknown tier=unknown armor=unknown shop=7 hand=10 board=7 discover=3 cards=0/27 status=blocked
[2026-09-07 20:47:56] 2026-09-07 20:47:56.266 phase=Unknown scene=0 % layout=0 % gold=unknown tier=unknown armor=unknown shop=0 hand=0 board=0 discover=0 cards=0/0 status=blocked
[2026-09-07 20:48:03] 炉石未在前台，跳过本次捕获
[2026-09-07 20:48:11] 2026-09-07 20:48:09.067 phase=Combat scene=72 % layout=0 % gold=0 tier=unknown armor=unknown shop=7 hand=10 board=7 discover=3 cards=0/27 status=blocked
[2026-09-07 20:48:15] 2026-09-07 20:48:12.111 phase=Shopping scene=88 % layout=0 % gold=unknown tier=1 armor=unknown shop=7 hand=10 board=7 discover=3 cards=0/27 status=blocked
[2026-09-07 20:48:22] 2026-09-07 20:48:19.702 phase=Discover scene=75 % layout=0 % gold=unknown tier=unknown armor=unknown shop=7 hand=10 board=7 discover=3 cards=0/27 status=blocked
[2026-09-07 20:48:30] 2026-09-07 20:48:27.122 phase=Shopping scene=81 % layout=0 % gold=unknown tier=unknown armor=unknown shop=7 hand=10 board=7 discover=3 cards=0/27 status=blocked
[2026-09-07 20:48:34] 炉石未在前台，跳过本次捕获
[2026-09-07 20:50:11] 2026-09-07 20:50:08.277 phase=Combat scene=75 % layout=0 % gold=unknown tier=unknown armor=unknown shop=7 hand=10 board=7 discover=3 cards=0/27 status=blocked
[2026-09-07 20:50:11] 炉石未在前台，跳过本次捕获
[2026-09-07 20:50:21] 2026-09-07 20:50:21.224 phase=Unknown scene=0 % layout=0 % gold=unknown tier=unknown armor=unknown shop=0 hand=0 board=0 discover=0 cards=0/0 status=blocked
[2026-09-07 20:50:23] 2026-09-07 20:50:21.920 phase=Shopping scene=72 % layout=0 % gold=unknown tier=unknown armor=unknown shop=7 hand=10 board=7 discover=3 cards=0/27 status=blocked
[2026-09-07 20:50:29] 炉石未在前台，跳过本次捕获
[2026-09-07 20:50:30] 2026-09-07 20:50:30.606 phase=Unknown scene=0 % layout=0 % gold=unknown tier=unknown armor=unknown shop=0 hand=0 board=0 discover=0 cards=0/0 status=blocked
[2026-09-07 20:50:34] 2026-09-07 20:50:32.635 phase=Combat scene=72 % layout=0 % gold=unknown tier=unknown armor=unknown shop=7 hand=10 board=7 discover=3 cards=0/27 status=blocked
[2026-09-07 20:50:38] 2026-09-07 20:50:35.113 phase=Discover scene=81 % layout=0 % gold=unknown tier=unknown armor=unknown shop=7 hand=10 board=7 discover=3 cards=0/27 status=blocked
[2026-09-07 20:50:42] 2026-09-07 20:50:38.898 phase=Shopping scene=78 % layout=0 % gold=unknown tier=unknown armor=unknown shop=7 hand=10 board=7 discover=3 cards=0/27 status=blocked
[2026-09-07 20:51:18] 监视器启动：只读观察，不发送任何游戏输入。
[2026-09-07 20:51:21] 2026-09-07 20:51:18.761 phase=Shopping scene=78 % layout=0 % gold=unknown tier=unknown armor=unknown shop=7 hand=10 board=7 discover=3 cards=0/27 status=blocked
[2026-09-07 20:51:31] 2026-09-07 20:51:28.641 phase=Discover scene=81 % layout=0 % gold=unknown tier=unknown armor=unknown shop=7 hand=10 board=7 discover=3 cards=0/27 status=blocked
[2026-09-07 20:51:38] 2026-09-07 20:51:36.005 phase=Shopping scene=78 % layout=0 % gold=unknown tier=1 armor=unknown shop=7 hand=10 board=7 discover=3 cards=0/27 status=blocked
[2026-09-07 20:52:12] 炉石未在前台，跳过本次捕获
[2026-09-07 20:54:25] 2026-09-07 20:54:22.129 phase=Discover scene=78 % layout=0 % gold=unknown tier=unknown armor=unknown shop=7 hand=10 board=7 discover=3 cards=0/27 status=blocked
[2026-09-07 20:54:26] 2026-09-07 20:54:25.915 phase=Unknown scene=0 % layout=0 % gold=unknown tier=unknown armor=unknown shop=0 hand=0 board=0 discover=0 cards=0/0 status=blocked
[2026-09-07 20:54:29] 2026-09-07 20:54:26.503 phase=Shopping scene=78 % layout=0 % gold=unknown tier=1 armor=unknown shop=7 hand=10 board=7 discover=3 cards=0/27 status=blocked
[2026-09-07 20:54:35] 2026-09-07 20:54:31.972 phase=Combat scene=75 % layout=0 % gold=unknown tier=unknown armor=unknown shop=7 hand=10 board=7 discover=3 cards=0/27 status=blocked
[2026-09-07 20:54:38] 2026-09-07 20:54:35.422 phase=Shopping scene=75 % layout=0 % gold=unknown tier=1 armor=unknown shop=7 hand=10 board=7 discover=3 cards=0/27 status=blocked
[2026-09-07 20:54:48] 2026-09-07 20:54:48.611 phase=Unknown scene=0 % layout=0 % gold=unknown tier=unknown armor=unknown shop=0 hand=0 board=0 discover=0 cards=0/0 status=blocked
[2026-09-07 20:54:52] 2026-09-07 20:54:49.243 phase=Shopping scene=84 % layout=0 % gold=unknown tier=unknown armor=unknown shop=7 hand=10 board=7 discover=3 cards=0/27 status=blocked
[2026-09-07 20:55:02] 2026-09-07 20:55:02.217 phase=Unknown scene=0 % layout=0 % gold=unknown tier=unknown armor=unknown shop=0 hand=0 board=0 discover=0 cards=0/0 status=blocked
[2026-09-07 20:55:05] 2026-09-07 20:55:02.821 phase=Shopping scene=88 % layout=0 % gold=unknown tier=unknown armor=unknown shop=7 hand=10 board=7 discover=3 cards=0/27 status=blocked
[2026-09-07 20:55:20] 炉石未在前台，跳过本次捕获
[2026-09-07 20:56:04] 2026-09-07 20:56:04.096 phase=Combat scene=78 % layout=0 % gold=unknown tier=unknown armor=unknown shop=7 hand=10 board=7 discover=3 cards=0/27 status=blocked
[2026-09-07 20:56:06] 2026-09-07 20:56:06.679 phase=Unknown scene=0 % layout=0 % gold=unknown tier=unknown armor=unknown shop=0 hand=0 board=0 discover=0 cards=0/0 status=blocked
[2026-09-07 20:56:11] 2026-09-07 20:56:07.743 phase=Combat scene=72 % layout=0 % gold=unknown tier=unknown armor=unknown shop=7 hand=10 board=7 discover=3 cards=0/27 status=blocked
[2026-09-07 20:56:19] 炉石未在前台，跳过本次捕获
[2026-09-07 20:56:20] 2026-09-07 20:56:20.420 phase=Unknown scene=0 % layout=0 % gold=unknown tier=unknown armor=unknown shop=0 hand=0 board=0 discover=0 cards=0/0 status=blocked
[2026-09-07 20:56:23] 2026-09-07 20:56:20.948 phase=Combat scene=72 % layout=0 % gold=unknown tier=unknown armor=unknown shop=7 hand=10 board=7 discover=3 cards=0/27 status=blocked
[2026-09-07 20:56:25] 2026-09-07 20:56:23.621 phase=Shopping scene=78 % layout=0 % gold=unknown tier=1 armor=unknown shop=7 hand=10 board=7 discover=3 cards=0/27 status=blocked
[2026-09-07 20:56:39] 2026-09-07 20:56:36.026 phase=Discover scene=81 % layout=0 % gold=unknown tier=unknown armor=unknown shop=7 hand=10 board=7 discover=3 cards=0/27 status=blocked
[2026-09-07 20:56:42] 2026-09-07 20:56:39.819 phase=Shopping scene=81 % layout=0 % gold=unknown tier=1 armor=10 shop=7 hand=10 board=7 discover=3 cards=0/27 status=blocked
[2026-09-07 20:56:43] 2026-09-07 20:56:42.833 phase=Unknown scene=0 % layout=0 % gold=unknown tier=unknown armor=unknown shop=0 hand=0 board=0 discover=0 cards=0/0 status=blocked
[2026-09-07 20:56:46] 2026-09-07 20:56:43.412 phase=Shopping scene=78 % layout=0 % gold=unknown tier=unknown armor=unknown shop=7 hand=10 board=7 discover=3 cards=0/27 status=blocked
[2026-09-07 20:57:24] 2026-09-07 20:57:20.928 phase=Discover scene=81 % layout=0 % gold=unknown tier=unknown armor=unknown shop=7 hand=10 board=7 discover=3 cards=0/27 status=blocked
[2026-09-07 20:57:27] 2026-09-07 20:57:24.799 phase=Shopping scene=91 % layout=0 % gold=unknown tier=unknown armor=10 shop=7 hand=10 board=7 discover=3 cards=0/27 status=blocked
[2026-09-07 20:58:40] 炉石未在前台，跳过本次捕获
[2026-09-07 20:58:50] 2026-09-07 20:58:49.948 phase=Combat scene=78 % layout=0 % gold=unknown tier=unknown armor=unknown shop=7 hand=10 board=7 discover=3 cards=0/27 status=blocked
[2026-09-07 20:58:53] 2026-09-07 20:58:53.546 phase=Unknown scene=0 % layout=0 % gold=unknown tier=unknown armor=unknown shop=0 hand=0 board=0 discover=0 cards=0/0 status=blocked
[2026-09-07 20:58:54] 炉石未在前台，跳过本次捕获
[2026-09-07 20:59:24] 2026-09-07 20:59:21.532 phase=Shopping scene=88 % layout=0 % gold=unknown tier=1 armor=7 shop=7 hand=10 board=7 discover=3 cards=0/27 status=blocked
[2026-09-07 20:59:27] 2026-09-07 20:59:27.589 phase=Unknown scene=0 % layout=0 % gold=unknown tier=unknown armor=unknown shop=0 hand=0 board=0 discover=0 cards=0/0 status=blocked
[2026-09-07 20:59:31] 2026-09-07 20:59:28.153 phase=Shopping scene=78 % layout=0 % gold=unknown tier=unknown armor=unknown shop=7 hand=10 board=7 discover=3 cards=0/27 status=blocked
[2026-09-07 20:59:53] 2026-09-07 20:59:49.996 phase=Discover scene=84 % layout=0 % gold=unknown tier=unknown armor=unknown shop=7 hand=10 board=7 discover=3 cards=0/27 status=blocked
[2026-09-07 20:59:55] 2026-09-07 20:59:53.394 phase=Shopping scene=88 % layout=0 % gold=unknown tier=unknown armor=unknown shop=7 hand=10 board=7 discover=3 cards=0/27 status=blocked
[2026-09-07 21:00:01] 2026-09-07 20:59:58.665 phase=Discover scene=91 % layout=0 % gold=unknown tier=unknown armor=unknown shop=7 hand=10 board=7 discover=3 cards=0/27 status=blocked
[2026-09-07 21:00:05] 2026-09-07 21:00:02.118 phase=Shopping scene=78 % layout=0 % gold=unknown tier=unknown armor=unknown shop=7 hand=10 board=7 discover=3 cards=0/27 status=blocked
[2026-09-07 21:00:10] 2026-09-07 21:00:07.768 phase=Discover scene=91 % layout=0 % gold=unknown tier=unknown armor=unknown shop=7 hand=10 board=7 discover=3 cards=0/27 status=blocked
[2026-09-07 21:00:16] 2026-09-07 21:00:14.656 phase=Shopping scene=88 % layout=0 % gold=unknown tier=1 armor=unknown shop=7 hand=10 board=7 discover=3 cards=0/27 status=blocked
[2026-09-07 21:00:34] 2026-09-07 21:00:30.780 phase=Discover scene=88 % layout=0 % gold=unknown tier=unknown armor=unknown shop=7 hand=10 board=7 discover=3 cards=0/27 status=blocked
[2026-09-07 21:00:37] 2026-09-07 21:00:34.835 phase=Shopping scene=81 % layout=0 % gold=unknown tier=unknown armor=unknown shop=7 hand=10 board=7 discover=3 cards=0/27 status=blocked
[2026-09-07 21:01:43] 炉石未在前台，跳过本次捕获
[2026-09-07 21:01:51] 2026-09-07 21:01:49.086 phase=Combat scene=78 % layout=0 % gold=unknown tier=unknown armor=unknown shop=7 hand=10 board=7 discover=3 cards=0/27 status=blocked
[2026-09-07 21:02:51] 监视器启动：只读观察，不发送任何游戏输入。
[2026-09-07 21:02:51] 炉石未在前台，跳过本次捕获
[2026-09-07 21:04:50] 等待炉石窗口
[2026-09-07 21:17:56] 监视器启动：只读观察，不发送任何游戏输入。
[2026-09-07 21:17:56] 等待炉石窗口
[2026-09-07 21:25:08] 2026-09-07 21:25:08.011 phase=Unknown scene=0 % layout=0 % gold=unknown tier=unknown armor=unknown shop=0 hand=0 board=0 discover=0 cards=0/0 status=blocked
[2026-09-07 21:25:15] 炉石未在前台，跳过本次捕获
[2026-09-07 21:26:28] 2026-09-07 21:26:27.295 phase=Discover scene=72 % layout=0 % gold=unknown tier=unknown armor=unknown shop=7 hand=10 board=7 discover=3 cards=0/27 status=blocked
[2026-09-07 21:26:30] 炉石未在前台，跳过本次捕获
[2026-09-07 21:26:54] 2026-09-07 21:26:53.091 phase=Shopping scene=78 % layout=0 % gold=9 tier=unknown armor=unknown shop=7 hand=10 board=7 discover=3 cards=0/27 status=blocked
[2026-09-07 21:27:08] 2026-09-07 21:27:08.568 phase=Unknown scene=0 % layout=0 % gold=unknown tier=unknown armor=unknown shop=0 hand=0 board=0 discover=0 cards=0/0 status=blocked
[2026-09-07 21:27:09] 炉石未在前台，跳过本次捕获
[2026-09-07 21:27:20] 2026-09-07 21:27:18.723 phase=Shopping scene=81 % layout=0 % gold=unknown tier=1 armor=unknown shop=7 hand=10 board=7 discover=3 cards=0/27 status=blocked
[2026-09-07 21:27:28] 2026-09-07 21:27:25.174 phase=Discover scene=84 % layout=0 % gold=unknown tier=unknown armor=unknown shop=7 hand=10 board=7 discover=3 cards=0/27 status=blocked
[2026-09-07 21:27:30] 2026-09-07 21:27:29.338 phase=Shopping scene=84 % layout=0 % gold=unknown tier=unknown armor=unknown shop=7 hand=10 board=7 discover=3 cards=0/27 status=blocked
[2026-09-07 21:28:06] 2026-09-07 21:28:05.487 phase=Combat scene=75 % layout=0 % gold=unknown tier=unknown armor=unknown shop=7 hand=10 board=7 discover=3 cards=0/27 status=blocked
[2026-09-07 21:28:07] 2026-09-07 21:28:06.874 phase=Unknown scene=0 % layout=0 % gold=unknown tier=unknown armor=unknown shop=0 hand=0 board=0 discover=0 cards=0/0 status=blocked
[2026-09-07 21:28:10] 炉石未在前台，跳过本次捕获
[2026-09-07 21:28:25] 2026-09-07 21:28:23.529 phase=Shopping scene=88 % layout=0 % gold=unknown tier=1 armor=5 shop=7 hand=10 board=7 discover=3 cards=0/27 status=blocked
[2026-09-07 21:28:27] 2026-09-07 21:28:27.015 phase=Unknown scene=0 % layout=0 % gold=unknown tier=unknown armor=unknown shop=0 hand=0 board=0 discover=0 cards=0/0 status=blocked
[2026-09-07 21:28:31] 2026-09-07 21:28:29.784 phase=Shopping scene=84 % layout=0 % gold=unknown tier=unknown armor=unknown shop=7 hand=10 board=7 discover=3 cards=0/27 status=blocked
[2026-09-07 21:28:56] 2026-09-07 21:28:56.376 phase=Unknown scene=0 % layout=0 % gold=unknown tier=unknown armor=unknown shop=0 hand=0 board=0 discover=0 cards=0/0 status=blocked
[2026-09-07 21:28:58] 2026-09-07 21:28:57.407 phase=Shopping scene=72 % layout=0 % gold=unknown tier=unknown armor=unknown shop=7 hand=10 board=7 discover=3 cards=0/27 status=blocked
[2026-09-07 21:28:58] 炉石未在前台，跳过本次捕获
[2026-09-07 21:30:00] 2026-09-07 21:30:00.363 phase=Unknown scene=0 % layout=0 % gold=unknown tier=unknown armor=unknown shop=0 hand=0 board=0 discover=0 cards=0/0 status=blocked
[2026-09-07 21:30:04] 2026-09-07 21:30:03.558 phase=Shopping scene=72 % layout=0 % gold=0 tier=unknown armor=unknown shop=7 hand=10 board=7 discover=3 cards=0/27 status=blocked
[2026-09-07 21:30:05] 2026-09-07 21:30:05.142 phase=Unknown scene=0 % layout=0 % gold=unknown tier=unknown armor=unknown shop=0 hand=0 board=0 discover=0 cards=0/0 status=blocked
[2026-09-07 21:30:08] 2026-09-07 21:30:07.865 phase=Shopping scene=72 % layout=0 % gold=0 tier=unknown armor=unknown shop=7 hand=10 board=7 discover=3 cards=0/27 status=blocked
[2026-09-07 21:30:10] 2026-09-07 21:30:10.484 phase=Unknown scene=0 % layout=0 % gold=unknown tier=unknown armor=unknown shop=0 hand=0 board=0 discover=0 cards=0/0 status=blocked
[2026-09-07 21:30:11] 2026-09-07 21:30:11.048 phase=Shopping scene=72 % layout=0 % gold=0 tier=unknown armor=unknown shop=7 hand=10 board=7 discover=3 cards=0/27 status=blocked
[2026-09-07 21:30:20] 2026-09-07 21:30:18.869 phase=Combat scene=72 % layout=0 % gold=0 tier=unknown armor=unknown shop=7 hand=10 board=7 discover=3 cards=0/27 status=blocked
[2026-09-07 21:30:20] 2026-09-07 21:30:20.414 phase=Unknown scene=0 % layout=0 % gold=unknown tier=unknown armor=unknown shop=0 hand=0 board=0 discover=0 cards=0/0 status=blocked
[2026-09-07 21:30:22] 2026-09-07 21:30:20.975 phase=Shopping scene=72 % layout=0 % gold=0 tier=unknown armor=unknown shop=7 hand=10 board=7 discover=3 cards=0/27 status=blocked
[2026-09-07 21:30:22] 2026-09-07 21:30:22.520 phase=Unknown scene=0 % layout=0 % gold=unknown tier=unknown armor=unknown shop=0 hand=0 board=0 discover=0 cards=0/0 status=blocked
[2026-09-07 21:30:27] 2026-09-07 21:30:25.455 phase=Shopping scene=88 % layout=0 % gold=unknown tier=unknown armor=unknown shop=7 hand=10 board=7 discover=3 cards=0/27 status=blocked
[2026-09-07 21:31:00] 炉石未在前台，跳过本次捕获
[2026-09-07 21:31:22] 2026-09-07 21:31:22.749 phase=Unknown scene=0 % layout=0 % gold=unknown tier=unknown armor=unknown shop=0 hand=0 board=0 discover=0 cards=0/0 status=blocked
[2026-09-07 21:31:24] 2026-09-07 21:31:23.331 phase=Combat scene=72 % layout=0 % gold=unknown tier=unknown armor=unknown shop=7 hand=10 board=7 discover=3 cards=0/27 status=blocked
[2026-09-07 21:31:25] 2026-09-07 21:31:24.783 phase=Shopping scene=72 % layout=0 % gold=unknown tier=unknown armor=unknown shop=7 hand=10 board=7 discover=3 cards=0/27 status=blocked
[2026-09-07 21:31:29] 2026-09-07 21:31:29.049 phase=Unknown scene=0 % layout=0 % gold=unknown tier=unknown armor=unknown shop=0 hand=0 board=0 discover=0 cards=0/0 status=blocked
[2026-09-07 21:31:32] 2026-09-07 21:31:30.170 phase=Shopping scene=75 % layout=0 % gold=unknown tier=unknown armor=unknown shop=7 hand=10 board=7 discover=3 cards=0/27 status=blocked
[2026-09-07 21:31:32] 2026-09-07 21:31:32.832 phase=Unknown scene=0 % layout=0 % gold=unknown tier=unknown armor=unknown shop=0 hand=0 board=0 discover=0 cards=0/0 status=blocked
[2026-09-07 21:31:38] 炉石未在前台，跳过本次捕获
[2026-09-07 21:31:43] 2026-09-07 21:31:42.005 phase=Combat scene=72 % layout=0 % gold=unknown tier=unknown armor=unknown shop=7 hand=10 board=7 discover=3 cards=0/27 status=blocked
[2026-09-07 21:31:44] 2026-09-07 21:31:43.760 phase=Unknown scene=69 % layout=0 % gold=4 tier=1 armor=unknown shop=7 hand=10 board=7 discover=3 cards=0/27 status=blocked
[2026-09-07 21:31:47] 2026-09-07 21:31:44.731 phase=Shopping scene=88 % layout=0 % gold=unknown tier=1 armor=unknown shop=7 hand=10 board=7 discover=3 cards=0/27 status=blocked
[2026-09-07 21:32:08] 2026-09-07 21:32:04.183 phase=Discover scene=91 % layout=0 % gold=unknown tier=unknown armor=unknown shop=7 hand=10 board=7 discover=3 cards=0/27 status=blocked
[2026-09-07 21:32:11] 2026-09-07 21:32:08.661 phase=Shopping scene=84 % layout=0 % gold=unknown tier=unknown armor=10 shop=7 hand=10 board=7 discover=3 cards=0/27 status=blocked
[2026-09-07 21:33:12] 2026-09-07 21:33:12.609 phase=Unknown scene=0 % layout=0 % gold=unknown tier=unknown armor=unknown shop=0 hand=0 board=0 discover=0 cards=0/0 status=blocked
[2026-09-07 21:33:20] 炉石未在前台，跳过本次捕获
[2026-09-07 21:33:27] 2026-09-07 21:33:26.150 phase=Shopping scene=75 % layout=0 % gold=9 tier=unknown armor=unknown shop=7 hand=10 board=7 discover=3 cards=0/27 status=blocked
[2026-09-07 21:34:19] 2026-09-07 21:34:16.661 phase=Unknown scene=69 % layout=0 % gold=unknown tier=unknown armor=unknown shop=7 hand=10 board=7 discover=3 cards=0/27 status=blocked
[2026-09-07 21:34:21] 2026-09-07 21:34:19.533 phase=Shopping scene=84 % layout=0 % gold=0 tier=unknown armor=unknown shop=7 hand=10 board=7 discover=3 cards=0/27 status=blocked
[2026-09-07 21:34:26] 2026-09-07 21:34:24.644 phase=Discover scene=75 % layout=0 % gold=unknown tier=unknown armor=unknown shop=7 hand=10 board=7 discover=3 cards=0/27 status=blocked
[2026-09-07 21:34:37] 2026-09-07 21:34:35.213 phase=Shopping scene=78 % layout=0 % gold=unknown tier=unknown armor=unknown shop=7 hand=10 board=7 discover=3 cards=0/27 status=blocked
[2026-09-07 21:34:37] 炉石未在前台，跳过本次捕获
[2026-09-07 21:35:28] 2026-09-07 21:35:27.977 phase=Unknown scene=0 % layout=0 % gold=unknown tier=unknown armor=unknown shop=0 hand=0 board=0 discover=0 cards=0/0 status=blocked
[2026-09-07 21:35:31] 2026-09-07 21:35:29.017 phase=Shopping scene=72 % layout=0 % gold=unknown tier=unknown armor=unknown shop=7 hand=10 board=7 discover=3 cards=0/27 status=blocked
[2026-09-07 21:35:34] 炉石未在前台，跳过本次捕获
[2026-09-07 21:35:38] 2026-09-07 21:35:37.921 phase=Unknown scene=0 % layout=0 % gold=unknown tier=unknown armor=unknown shop=0 hand=0 board=0 discover=0 cards=0/0 status=blocked
[2026-09-07 21:35:40] 2026-09-07 21:35:38.472 phase=Combat scene=72 % layout=0 % gold=unknown tier=unknown armor=unknown shop=7 hand=10 board=7 discover=3 cards=0/27 status=blocked
[2026-09-07 21:35:43] 2026-09-07 21:35:40.896 phase=Shopping scene=81 % layout=0 % gold=unknown tier=1 armor=5 shop=7 hand=10 board=7 discover=3 cards=0/27 status=blocked
[2026-09-07 21:35:46] 2026-09-07 21:35:44.052 phase=Discover scene=72 % layout=0 % gold=unknown tier=1 armor=unknown shop=7 hand=10 board=7 discover=3 cards=0/27 status=blocked
[2026-09-07 21:35:49] 2026-09-07 21:35:47.032 phase=Shopping scene=81 % layout=0 % gold=unknown tier=1 armor=unknown shop=7 hand=10 board=7 discover=3 cards=0/27 status=blocked
[2026-09-07 21:35:57] 2026-09-07 21:35:55.618 phase=Unknown scene=69 % layout=0 % gold=unknown tier=unknown armor=unknown shop=7 hand=10 board=7 discover=3 cards=0/27 status=blocked
[2026-09-07 21:36:00] 2026-09-07 21:35:58.343 phase=Shopping scene=75 % layout=0 % gold=unknown tier=unknown armor=unknown shop=7 hand=10 board=7 discover=3 cards=0/27 status=blocked
[2026-09-07 21:36:13] 2026-09-07 21:36:11.710 phase=Discover scene=72 % layout=0 % gold=unknown tier=unknown armor=unknown shop=7 hand=10 board=7 discover=3 cards=0/27 status=blocked
[2026-09-07 21:36:15] 2026-09-07 21:36:13.559 phase=Shopping scene=78 % layout=0 % gold=unknown tier=unknown armor=unknown shop=7 hand=10 board=7 discover=3 cards=0/27 status=blocked
[2026-09-07 21:36:20] 2026-09-07 21:36:18.300 phase=Discover scene=78 % layout=0 % gold=unknown tier=unknown armor=unknown shop=7 hand=10 board=7 discover=3 cards=0/27 status=blocked
[2026-09-07 21:36:28] 2026-09-07 21:36:26.304 phase=Shopping scene=78 % layout=0 % gold=unknown tier=unknown armor=unknown shop=7 hand=10 board=7 discover=3 cards=0/27 status=blocked
[2026-09-07 21:36:30] 2026-09-07 21:36:29.051 phase=Discover scene=81 % layout=0 % gold=unknown tier=unknown armor=unknown shop=7 hand=10 board=7 discover=3 cards=0/27 status=blocked
[2026-09-07 21:36:36] 2026-09-07 21:36:33.701 phase=Shopping scene=78 % layout=0 % gold=unknown tier=unknown armor=unknown shop=7 hand=10 board=7 discover=3 cards=0/27 status=blocked
[2026-09-07 21:36:59] 2026-09-07 21:36:57.164 phase=Discover scene=81 % layout=0 % gold=unknown tier=unknown armor=unknown shop=7 hand=10 board=7 discover=3 cards=0/27 status=blocked
[2026-09-07 21:37:01] 2026-09-07 21:37:00.013 phase=Shopping scene=78 % layout=0 % gold=unknown tier=unknown armor=unknown shop=7 hand=10 board=7 discover=3 cards=0/27 status=blocked
[2026-09-07 21:37:20] 炉石未在前台，跳过本次捕获
[2026-09-07 21:37:41] 2026-09-07 21:37:37.949 phase=Discover scene=78 % layout=0 % gold=unknown tier=unknown armor=unknown shop=7 hand=10 board=7 discover=3 cards=0/27 status=blocked
[2026-09-07 21:37:43] 2026-09-07 21:37:41.467 phase=Shopping scene=84 % layout=0 % gold=unknown tier=unknown armor=unknown shop=7 hand=10 board=7 discover=3 cards=0/27 status=blocked
[2026-09-07 21:37:44] 2026-09-07 21:37:43.918 phase=Unknown scene=0 % layout=0 % gold=unknown tier=unknown armor=unknown shop=0 hand=0 board=0 discover=0 cards=0/0 status=blocked
[2026-09-07 21:37:45] 2026-09-07 21:37:44.506 phase=Shopping scene=72 % layout=0 % gold=unknown tier=unknown armor=unknown shop=7 hand=10 board=7 discover=3 cards=0/27 status=blocked
[2026-09-07 21:37:46] 2026-09-07 21:37:45.885 phase=Unknown scene=0 % layout=0 % gold=unknown tier=unknown armor=unknown shop=0 hand=0 board=0 discover=0 cards=0/0 status=blocked
[2026-09-07 21:37:53] 炉石未在前台，跳过本次捕获
[2026-09-07 21:38:01] 2026-09-07 21:37:59.623 phase=Shopping scene=78 % layout=0 % gold=unknown tier=1 armor=unknown shop=7 hand=10 board=7 discover=3 cards=0/27 status=blocked
[2026-09-07 21:38:23] 2026-09-07 21:38:20.342 phase=Discover scene=75 % layout=0 % gold=unknown tier=unknown armor=unknown shop=7 hand=10 board=7 discover=3 cards=0/27 status=blocked
[2026-09-07 21:38:26] 2026-09-07 21:38:23.649 phase=Shopping scene=75 % layout=0 % gold=unknown tier=1 armor=unknown shop=7 hand=10 board=7 discover=3 cards=0/27 status=blocked
[2026-09-07 21:39:06] 2026-09-07 21:39:03.874 phase=Combat scene=81 % layout=0 % gold=unknown tier=1 armor=unknown shop=7 hand=10 board=7 discover=3 cards=0/27 status=blocked
[2026-09-07 21:39:09] 2026-09-07 21:39:06.886 phase=Shopping scene=84 % layout=0 % gold=unknown tier=unknown armor=unknown shop=7 hand=10 board=7 discover=3 cards=0/27 status=blocked
[2026-09-07 21:40:11] 2026-09-07 21:40:10.915 phase=Combat scene=78 % layout=0 % gold=unknown tier=unknown armor=unknown shop=7 hand=10 board=7 discover=3 cards=0/27 status=blocked
[2026-09-07 21:40:13] 2026-09-07 21:40:13.460 phase=Unknown scene=0 % layout=0 % gold=unknown tier=unknown armor=unknown shop=0 hand=0 board=0 discover=0 cards=0/0 status=blocked
[2026-09-07 21:40:19] 炉石未在前台，跳过本次捕获
[2026-09-07 21:40:25] 2026-09-07 21:40:23.198 phase=Combat scene=78 % layout=0 % gold=unknown tier=unknown armor=unknown shop=7 hand=10 board=7 discover=3 cards=0/27 status=blocked
[2026-09-07 21:40:27] 2026-09-07 21:40:25.640 phase=Discover scene=78 % layout=0 % gold=unknown tier=unknown armor=unknown shop=7 hand=10 board=7 discover=3 cards=0/27 status=blocked
[2026-09-07 21:40:50] 2026-09-07 21:40:47.733 phase=Shopping scene=84 % layout=0 % gold=unknown tier=1 armor=unknown shop=7 hand=10 board=7 discover=3 cards=0/27 status=blocked
[2026-09-07 21:41:54] 2026-09-07 21:41:51.779 phase=Discover scene=78 % layout=0 % gold=unknown tier=unknown armor=unknown shop=7 hand=10 board=7 discover=3 cards=0/27 status=blocked
[2026-09-07 21:41:58] 2026-09-07 21:41:55.098 phase=Shopping scene=81 % layout=0 % gold=unknown tier=unknown armor=unknown shop=7 hand=10 board=7 discover=3 cards=0/27 status=blocked
[2026-09-07 21:42:11] 炉石未在前台，跳过本次捕获
[2026-09-07 21:43:00] 2026-09-07 21:43:00.492 phase=Unknown scene=0 % layout=0 % gold=unknown tier=unknown armor=unknown shop=0 hand=0 board=0 discover=0 cards=0/0 status=blocked
[2026-09-07 21:43:05] 2026-09-07 21:43:02.676 phase=Shopping scene=72 % layout=0 % gold=unknown tier=unknown armor=unknown shop=7 hand=10 board=7 discover=3 cards=0/27 status=blocked
[2026-09-07 21:43:09] 2026-09-07 21:43:09.277 phase=Unknown scene=0 % layout=0 % gold=unknown tier=unknown armor=unknown shop=0 hand=0 board=0 discover=0 cards=0/0 status=blocked
[2026-09-07 21:43:15] 炉石未在前台，跳过本次捕获
[2026-09-07 21:43:24] 2026-09-07 21:43:22.651 phase=Shopping scene=72 % layout=0 % gold=unknown tier=1 armor=unknown shop=7 hand=10 board=7 discover=3 cards=0/27 status=blocked
[2026-09-07 21:43:28] 2026-09-07 21:43:28.001 phase=Unknown scene=0 % layout=0 % gold=unknown tier=unknown armor=unknown shop=0 hand=0 board=0 discover=0 cards=0/0 status=blocked
[2026-09-07 21:43:33] 2026-09-07 21:43:30.723 phase=Shopping scene=81 % layout=0 % gold=unknown tier=1 armor=unknown shop=7 hand=10 board=7 discover=3 cards=0/27 status=blocked
[2026-09-07 21:43:53] 2026-09-07 21:43:53.479 phase=Unknown scene=0 % layout=0 % gold=unknown tier=unknown armor=unknown shop=0 hand=0 board=0 discover=0 cards=0/0 status=blocked
[2026-09-07 21:43:55] 2026-09-07 21:43:54.084 phase=Shopping scene=75 % layout=0 % gold=unknown tier=unknown armor=unknown shop=7 hand=10 board=7 discover=3 cards=0/27 status=blocked
[2026-09-07 21:44:00] 2026-09-07 21:44:00.070 phase=Unknown scene=0 % layout=0 % gold=unknown tier=unknown armor=unknown shop=0 hand=0 board=0 discover=0 cards=0/0 status=blocked
[2026-09-07 21:44:02] 2026-09-07 21:44:00.665 phase=Shopping scene=78 % layout=0 % gold=unknown tier=unknown armor=unknown shop=7 hand=10 board=7 discover=3 cards=0/27 status=blocked
[2026-09-07 21:45:49] 炉石未在前台，跳过本次捕获
[2026-09-07 21:46:45] 2026-09-07 21:46:41.476 phase=Discover scene=84 % layout=0 % gold=8 tier=unknown armor=unknown shop=7 hand=10 board=7 discover=3 cards=0/27 status=blocked
[2026-09-07 21:46:49] 2026-09-07 21:46:45.774 phase=Shopping scene=78 % layout=0 % gold=8 tier=1 armor=unknown shop=7 hand=10 board=7 discover=3 cards=0/27 status=blocked
[2026-09-07 21:47:46] 炉石未在前台，跳过本次捕获
[2026-09-07 21:48:41] 2026-09-07 21:48:40.105 phase=Combat scene=84 % layout=0 % gold=unknown tier=unknown armor=unknown shop=7 hand=10 board=7 discover=3 cards=0/27 status=blocked
[2026-09-07 21:48:45] 炉石未在前台，跳过本次捕获
[2026-09-07 21:48:48] 2026-09-07 21:48:48.653 phase=Unknown scene=0 % layout=0 % gold=unknown tier=unknown armor=unknown shop=0 hand=0 board=0 discover=0 cards=0/0 status=blocked
[2026-09-07 21:48:50] 2026-09-07 21:48:49.232 phase=Combat scene=72 % layout=0 % gold=unknown tier=unknown armor=unknown shop=7 hand=10 board=7 discover=3 cards=0/27 status=blocked
[2026-09-07 21:49:06] 炉石未在前台，跳过本次捕获
[2026-09-07 22:19:38] 监视器启动：只读观察，不发送任何游戏输入。
[2026-09-07 22:19:38] 等待炉石窗口
